# Запуск 2026-05-13T13:10:44
Сила и защита свеча 2 и 3 действия | файл уже отнесён к другой строке каталога (строка 10): Сила и защита 1.png
Сила и защита свеча 2 и 3 действия | файл уже отнесён к другой строке каталога (строка 10): Сила и защита1.jpg
Сила и защита свеча 2 и 3 действия | файл уже отнесён к другой строке каталога (строка 10): Сила и защита 2.png
Сила и защита свеча 2 и 3 действия | файл уже отнесён к другой строке каталога (строка 10): Сила и защита2.jpg
Люби меня Люби! на женщину свеча-талисман | фото не найдено по названию
Люби меня Люби! на мужчину свеча-талисман | фото не найдено по названию
Рука судьбы на женщину свеча-талисман | фото не найдено по названию
Рука судьбы на мужчину свеча-талисман | фото не найдено по названию
Свеча Ведьмы свеча - программа | фото не найдено по названию
Скажи Люблю! свеча - программа | фото не найдено по названию
Предсказательная свеча 2 и 3 действия | фото не найдено по названию
Свеча Мерлина свеча 2 и 3 действия | фото не найдено по названию
Сила и защита свеча 2 и 3 действия | фото не найдено по названию
Закон Вселенной свеча 2 и 3 действия | фото не найдено по названию
Мистический Рыцарь свеча 2 и 3 действия | фото не найдено по названию
Судьбоносное решение свеча 2 и 3 действия | фото не найдено по названию
